
> test:repeat
> playwright test --repeat-each=3


Running 18 tests using 1 worker

(node:29414) Warning: The 'NO_COLOR' env is ignored due to the 'FORCE_COLOR' env being set.
(Use `node --trace-warnings ...` to show where the warning was created)
(node:29414) Warning: The 'NO_COLOR' env is ignored due to the 'FORCE_COLOR' env being set.
(Use `node --trace-warnings ...` to show where the warning was created)
  ✓   1 tests/studio.spec.ts:9:1 › A: 생성, 역질문, 마스킹, 조회 사유와 감사 기록 (2.1s)
  ✓   2 tests/studio.spec.ts:10:1 › B: 문법 오류는 마지막 정상 화면 유지 (1.4s)
  ✓   3 tests/studio.spec.ts:11:1 › C: 이전 실행을 지연해도 최신 revision만 커밋 (4.0s)
D preview issuance boundary: {"roles":["viewer"],"probes":[{"endpoint":"/dev/session","tokenObtained":false,"blocked":true},{"endpoint":"/capabilities","tokenObtained":false,"blocked":true}],"authenticatedCapabilityBlocked":true}
  ✓   4 tests/studio.spec.ts:12:1 › D: viewer 자체 발급 차단, 읽기 전용 차단, 제한된 쓰기 허용 (2.2s)
  ✓   5 tests/studio.spec.ts:25:1 › E: 두 탭 CAS 충돌과 최신 내용 다시 불러오기 (2.1s)
  ✓   6 tests/studio.spec.ts:26:1 › F: 사내 useToast와 앱 React 인스턴스 공유 (1.4s)
(node:29725) Warning: The 'NO_COLOR' env is ignored due to the 'FORCE_COLOR' env being set.
(Use `node --trace-warnings ...` to show where the warning was created)
(node:29725) Warning: The 'NO_COLOR' env is ignored due to the 'FORCE_COLOR' env being set.
(Use `node --trace-warnings ...` to show where the warning was created)
  ✓   7 tests/studio.spec.ts:9:1 › A: 생성, 역질문, 마스킹, 조회 사유와 감사 기록 (2.1s)
  ✓   8 tests/studio.spec.ts:10:1 › B: 문법 오류는 마지막 정상 화면 유지 (1.4s)
  ✓   9 tests/studio.spec.ts:11:1 › C: 이전 실행을 지연해도 최신 revision만 커밋 (3.7s)
D preview issuance boundary: {"roles":["viewer"],"probes":[{"endpoint":"/dev/session","tokenObtained":false,"blocked":true},{"endpoint":"/capabilities","tokenObtained":false,"blocked":true}],"authenticatedCapabilityBlocked":true}
  ✓  10 tests/studio.spec.ts:12:1 › D: viewer 자체 발급 차단, 읽기 전용 차단, 제한된 쓰기 허용 (2.4s)
  ✓  11 tests/studio.spec.ts:25:1 › E: 두 탭 CAS 충돌과 최신 내용 다시 불러오기 (2.2s)
  ✓  12 tests/studio.spec.ts:26:1 › F: 사내 useToast와 앱 React 인스턴스 공유 (1.3s)
(node:30478) Warning: The 'NO_COLOR' env is ignored due to the 'FORCE_COLOR' env being set.
(Use `node --trace-warnings ...` to show where the warning was created)
(node:30478) Warning: The 'NO_COLOR' env is ignored due to the 'FORCE_COLOR' env being set.
(Use `node --trace-warnings ...` to show where the warning was created)
  ✓  13 tests/studio.spec.ts:9:1 › A: 생성, 역질문, 마스킹, 조회 사유와 감사 기록 (2.2s)
  ✓  14 tests/studio.spec.ts:10:1 › B: 문법 오류는 마지막 정상 화면 유지 (1.4s)
  ✓  15 tests/studio.spec.ts:11:1 › C: 이전 실행을 지연해도 최신 revision만 커밋 (3.7s)
D preview issuance boundary: {"roles":["viewer"],"probes":[{"endpoint":"/dev/session","tokenObtained":false,"blocked":true},{"endpoint":"/capabilities","tokenObtained":false,"blocked":true}],"authenticatedCapabilityBlocked":true}
  ✓  16 tests/studio.spec.ts:12:1 › D: viewer 자체 발급 차단, 읽기 전용 차단, 제한된 쓰기 허용 (2.3s)
  ✓  17 tests/studio.spec.ts:25:1 › E: 두 탭 CAS 충돌과 최신 내용 다시 불러오기 (2.1s)
  ✓  18 tests/studio.spec.ts:26:1 › F: 사내 useToast와 앱 React 인스턴스 공유 (1.3s)

  18 passed (42.8s)
