INJECTION: disposable copy tsc shim reports missing compiler (exit 127)
[0.000s] development configuration: starting
[0.009s] development configuration: ready (0.009s)
[0.009s] Docker Compose: starting
[3.230s]  Container toi-fxb-minio-1  Running
[3.231s]  Container toi-fxb-verdaccio-init-1  Created
[3.233s]  Container toi-fxb-verdaccio-1  Running
[6.257s]  Container toi-fxb-verdaccio-init-1  Starting
[6.400s]  Container toi-fxb-verdaccio-init-1  Started
[6.401s]  Container toi-fxb-verdaccio-init-1  Waiting
[6.909s]  Container toi-fxb-verdaccio-init-1  Exited
[7.126s] Docker Compose: ready (7.116s)
[7.126s] registry and storage health: starting
[7.170s] registry and storage health: ready (0.044s)
[7.171s] packages/fake-tds install: starting
[7.171s] packages/fake-tds: dependencies already installed
[7.171s] packages/fake-tds install: ready (0.001s)
[7.171s] packages/preview-runtime install: starting
[7.171s] packages/preview-runtime: dependencies already installed
[7.172s] packages/preview-runtime install: ready (0.000s)
[7.172s] services/mock-backend install: starting
[7.172s] services/mock-backend: dependencies already installed
[7.172s] services/mock-backend install: ready (0.001s)
[7.173s] services/policy-proxy install: starting
[7.173s] services/policy-proxy: dependencies already installed
[7.173s] services/policy-proxy install: ready (0.001s)
[7.174s] services/deps-builder install: starting
[7.174s] services/deps-builder: dependencies already installed
[7.174s] services/deps-builder install: ready (0.000s)
[7.174s] services/agent-server install: starting
[7.174s] services/agent-server: dependencies already installed
[7.175s] services/agent-server install: ready (0.000s)
[7.175s] apps/studio install: starting
[7.175s] apps/studio: dependencies already installed
[7.175s] apps/studio install: ready (0.000s)
[7.175s] registry setup: starting
[7.296s] 
[7.296s] > @toi/deps-builder@1.0.0 setup-registry
[7.296s] > node scripts/setup-registry.mjs
[7.297s] 
[7.382s] Anonymous @toi/tds metadata blocked: HTTP 401
[7.500s] fake-tds build: starting
[8.149s] fake-tds build failed: tsc not found; inspect registry health and configuration
[8.161s] registry setup failed: fake-tds build failed: tsc not found (0.985s)
[8.161s] Logs: /Users/psw/Projects/toi-lite-fx-verify/scripts/.run/dev-up.log
EXIT=1
