
> test:repeat
> playwright test --repeat-each=3


Running 117 tests using 1 worker

(node:78089) Warning: The 'NO_COLOR' env is ignored due to the 'FORCE_COLOR' env being set.
(Use `node --trace-warnings ...` to show where the warning was created)
(node:78089) Warning: The 'NO_COLOR' env is ignored due to the 'FORCE_COLOR' env being set.
(Use `node --trace-warnings ...` to show where the warning was created)
  ✓    1 tests/downloads.spec.ts:34:1 › T: Alice CSV/XLSX are AES-256 AE-2; signature, sub, single-use and 60-second expiry enforced (1.0m)
  ✓    2 tests/downloads.spec.ts:51:1 › U: viewer, nonmember and preview origin cannot create downloads (1.2s)
  ✓    3 tests/downloads.spec.ts:57:1 › V: MinIO bytes hide row values and password; successful delivery deletes ciphertext and wrapped key (139ms)
  ✓    4 tests/downloads.spec.ts:68:1 › W: audit verification is valid, seq remains continuous and audit contains no password, keys or signature (1.7s)
  ✓    5 tests/downloads.spec.ts:79:1 › download UI shows password once, saves using Bearer and clears it on close (1.2s)
  ✓    6 tests/identity.spec.ts:15:1 › N: carol nonmember receives 404 and cannot mint or use preview/capability (689ms)
  ✓    7 tests/identity.spec.ts:26:1 › O: owner member UI protects last owner; viewer read only, editor generation, removal revokes proxy within 5s (3.8s)
  ✓    8 tests/identity.spec.ts:49:1 › P: live write requires another API owner approval and expires (10.2s)
  ✓    9 tests/identity.spec.ts:75:1 › Q: preview capability never selects live upstream (81ms)
  ✓   10 tests/identity.spec.ts:85:3 › R isolated serial mutation › R: short-token renewal preserves a pending build; disabled bob cannot refresh or use expired access (13.3s)
  ✓   11 tests/identity.spec.ts:147:1 › S: iframe globals/storage/messages/URLs contain no Keycloak token (1.2s)
  ✓   12 tests/isolation.spec.ts:13:1 › X: project origins isolate storage and cross-project frame access (2.8s)
  ✓   13 tests/isolation.spec.ts:39:1 › Y: response CSP survives document.open and blocks egress before the server receives it (1.9s)
  ✓   14 tests/isolation.spec.ts:76:1 › Z: project A preview session from project B origin returns PREVIEW_DIRECT_FORBIDDEN (19ms)
  ✓   15 tests/isolation.spec.ts:85:1 › AA: preview Host/path allowlist and studio embedding headers (53ms)
  ✓   16 tests/isolation.spec.ts:105:1 › AB: AST bypass sources are rejected without incrementing the source revision (295ms)
  ✓   17 tests/isolation.spec.ts:130:1 › AC: actual studio preview credentials never appear in frame globals, DOM, storage or messages (1.9s)
  ✘   18 tests/isolation.spec.ts:159:1 › AD: generated location navigation leaks zero credentials, removes the frame and restores the good revision (2.3s)
(node:80248) Warning: The 'NO_COLOR' env is ignored due to the 'FORCE_COLOR' env being set.
(Use `node --trace-warnings ...` to show where the warning was created)
(node:80248) Warning: The 'NO_COLOR' env is ignored due to the 'FORCE_COLOR' env being set.
(Use `node --trace-warnings ...` to show where the warning was created)
  ✓   19 tests/isolation.spec.ts:182:1 › AE: direct policy fetch is CSP-blocked while postMessage broker succeeds (3.3s)
  ✓   20 tests/isolation.spec.ts:190:1 › AF: replaced frame requests are ignored and its pending response is discarded (2.4s)
  ✓   21 tests/isolation.spec.ts:206:1 › AG: PATCH is 403 WRITE_NOT_ALLOWED until the user grants write capability (1.5s)
  ✓   22 tests/isolation.spec.ts:216:1 › AH: broker enforces concurrency, rolling request rate, and 5 MiB response limit (4.3s)
  ✓   23 tests/studio.spec.ts:10:1 › A: 생성, 역질문, 마스킹, 조회 사유와 감사 기록 (2.2s)
  ✓   24 tests/studio.spec.ts:11:1 › B: 문법 오류는 마지막 정상 화면 유지 (1.7s)
  ✓   25 tests/studio.spec.ts:12:1 › C: 이전 실행을 지연해도 최신 revision만 커밋 (4.5s)
  ✓   26 tests/studio.spec.ts:13:1 › D: viewer 자체 발급 차단, 읽기 전용 차단, 제한된 쓰기 허용 (3.1s)
  ✓   27 tests/studio.spec.ts:16:1 › E: 두 탭 CAS 충돌과 최신 내용 다시 불러오기 (2.9s)
  ✓   28 tests/studio.spec.ts:17:1 › F: 사내 useToast와 앱 React 인스턴스 공유 (1.4s)
  ✓   29 tests/studio.spec.ts:33:1 › G: 역질문 새로고침 복구, Last-Event-ID 이후 답변과 revision_ready (2.3s)
  ✓   30 tests/studio.spec.ts:50:1 › G: 복구한 질문 취소와 이미 끝난 생성·404 안내 (2.1s)
  ✓   31 tests/studio.spec.ts:69:1 › H: 쓰기 권한 만료 시 토글 off, 안내와 read capability 재반영 (6.1s)
  ✓   32 tests/studio.spec.ts:80:1 › I: 문법 오류 위치, 금지 패키지 이름과 runtime 원인 (1.9s)
  ✓   33 tests/studio.spec.ts:97:1 › J: CAS 최신 불러오기 전에 파일별 내 편집 보관, 복사와 새로고침 유지 (4.0s)
  ✓   34 tests/studio.spec.ts:117:1 › K: 존재하지 않는 패키지 버전의 실제 조합 실패와 동일 revision 재시도 (2.4s)
  ✓   35 tests/studio.spec.ts:135:1 › K: failed 응답·연결 실패·시간 초과 구분과 새로고침 없는 재빌드 (3.1s)
  ✓   36 tests/studio.spec.ts:185:34 › 레이아웃: 1600px 답변 버튼은 한 줄 (1.8s)
  ✓   37 tests/studio.spec.ts:185:34 › 레이아웃: 400px 답변 버튼은 한 줄 (1.7s)
  ✓   38 tests/studio.spec.ts:200:1 › L: 새 탭 활성 생성 전체 replay, 답변 동기화와 양쪽 취소 종결 (4.7s)
  ✓   39 tests/studio.spec.ts:238:1 › M: 실제 Yarn 레지스트리 503 안내 후 저장소 복구와 동일 revision 재시도 성공 (4.8s)
(node:82119) Warning: The 'NO_COLOR' env is ignored due to the 'FORCE_COLOR' env being set.
(Use `node --trace-warnings ...` to show where the warning was created)
(node:82119) Warning: The 'NO_COLOR' env is ignored due to the 'FORCE_COLOR' env being set.
(Use `node --trace-warnings ...` to show where the warning was created)
  ✓   40 tests/downloads.spec.ts:34:1 › T: Alice CSV/XLSX are AES-256 AE-2; signature, sub, single-use and 60-second expiry enforced (1.0m)
  ✓   41 tests/downloads.spec.ts:51:1 › U: viewer, nonmember and preview origin cannot create downloads (1.0s)
  ✓   42 tests/downloads.spec.ts:57:1 › V: MinIO bytes hide row values and password; successful delivery deletes ciphertext and wrapped key (143ms)
  ✓   43 tests/downloads.spec.ts:68:1 › W: audit verification is valid, seq remains continuous and audit contains no password, keys or signature (1.7s)
  ✓   44 tests/downloads.spec.ts:79:1 › download UI shows password once, saves using Bearer and clears it on close (1.3s)
  ✓   45 tests/identity.spec.ts:15:1 › N: carol nonmember receives 404 and cannot mint or use preview/capability (678ms)
