
> test:repeat
> playwright test --repeat-each=3


Running 99 tests using 1 worker

(node:56664) Warning: The 'NO_COLOR' env is ignored due to the 'FORCE_COLOR' env being set.
(Use `node --trace-warnings ...` to show where the warning was created)
(node:56664) Warning: The 'NO_COLOR' env is ignored due to the 'FORCE_COLOR' env being set.
(Use `node --trace-warnings ...` to show where the warning was created)
  ✓   1 tests/downloads.spec.ts:34:1 › T: Alice CSV/XLSX are AES-256 AE-2; signature, sub, single-use and 60-second expiry enforced (1.0m)
  ✓   2 tests/downloads.spec.ts:51:1 › U: viewer, nonmember and preview origin cannot create downloads (1.1s)
  ✓   3 tests/downloads.spec.ts:57:1 › V: MinIO bytes hide row values and password; successful delivery deletes ciphertext and wrapped key (140ms)
  ✓   4 tests/downloads.spec.ts:68:1 › W: audit verification is valid, seq remains continuous and audit contains no password, keys or signature (1.3s)
  ✓   5 tests/downloads.spec.ts:79:1 › download UI shows password once, saves using Bearer and clears it on close (1.2s)
  ✓   6 tests/identity.spec.ts:15:1 › N: carol nonmember receives 404 and cannot mint or use preview/capability (737ms)
  ✓   7 tests/identity.spec.ts:26:1 › O: owner member UI protects last owner; viewer read only, editor generation, removal revokes proxy within 5s (3.8s)
  ✓   8 tests/identity.spec.ts:49:1 › P: live write requires another API owner approval and expires (10.3s)
  ✓   9 tests/identity.spec.ts:75:1 › Q: preview capability never selects live upstream (73ms)
  ✓  10 tests/identity.spec.ts:85:3 › R isolated serial mutation › R: short-token renewal preserves a pending build; disabled bob cannot refresh or use expired access (12.7s)
  ✓  11 tests/identity.spec.ts:147:1 › S: iframe globals/storage/messages/URLs contain no Keycloak token (1.1s)
  ✓  12 tests/isolation.spec.ts:13:1 › X: project origins isolate storage and cross-project frame access (4.2s)
  ✓  13 tests/isolation.spec.ts:39:1 › Y: response CSP survives document.open and blocks egress before the server receives it (2.2s)
  ✓  14 tests/isolation.spec.ts:76:1 › Z: project A preview session from project B origin returns PREVIEW_ORIGIN_MISMATCH (23ms)
  ✓  15 tests/isolation.spec.ts:85:1 › AA: preview Host/path allowlist and studio embedding headers (23ms)
  ✓  16 tests/isolation.spec.ts:105:1 › AB: AST bypass sources are rejected without incrementing the source revision (44ms)
  ✓  17 tests/studio.spec.ts:10:1 › A: 생성, 역질문, 마스킹, 조회 사유와 감사 기록 (2.1s)
  ✓  18 tests/studio.spec.ts:11:1 › B: 문법 오류는 마지막 정상 화면 유지 (1.7s)
  ✓  19 tests/studio.spec.ts:12:1 › C: 이전 실행을 지연해도 최신 revision만 커밋 (4.3s)
D preview issuance boundary: {"roles":["viewer"],"probes":[{"endpoint":"/dev/session","tokenObtained":false,"blocked":true},{"endpoint":"/capabilities","tokenObtained":false,"blocked":true}],"authenticatedCapabilityBlocked":true}
  ✓  20 tests/studio.spec.ts:13:1 › D: viewer 자체 발급 차단, 읽기 전용 차단, 제한된 쓰기 허용 (2.4s)
  ✓  21 tests/studio.spec.ts:26:1 › E: 두 탭 CAS 충돌과 최신 내용 다시 불러오기 (2.8s)
  ✓  22 tests/studio.spec.ts:27:1 › F: 사내 useToast와 앱 React 인스턴스 공유 (1.6s)
  ✓  23 tests/studio.spec.ts:43:1 › G: 역질문 새로고침 복구, Last-Event-ID 이후 답변과 revision_ready (2.0s)
  ✓  24 tests/studio.spec.ts:60:1 › G: 복구한 질문 취소와 이미 끝난 생성·404 안내 (2.5s)
  ✓  25 tests/studio.spec.ts:79:1 › H: 쓰기 권한 만료 시 토글 off, 안내와 read capability 재반영 (5.7s)
  ✓  26 tests/studio.spec.ts:90:1 › I: 문법 오류 위치, 금지 패키지 이름과 runtime 원인 (1.6s)
  ✓  27 tests/studio.spec.ts:107:1 › J: CAS 최신 불러오기 전에 파일별 내 편집 보관, 복사와 새로고침 유지 (3.7s)
  ✓  28 tests/studio.spec.ts:127:1 › K: 존재하지 않는 패키지 버전의 실제 조합 실패와 동일 revision 재시도 (2.4s)
  ✓  29 tests/studio.spec.ts:145:1 › K: failed 응답·연결 실패·시간 초과 구분과 새로고침 없는 재빌드 (2.9s)
  ✓  30 tests/studio.spec.ts:195:34 › 레이아웃: 1600px 답변 버튼은 한 줄 (1.5s)
  ✓  31 tests/studio.spec.ts:195:34 › 레이아웃: 400px 답변 버튼은 한 줄 (1.4s)
  ✓  32 tests/studio.spec.ts:210:1 › L: 새 탭 활성 생성 전체 replay, 답변 동기화와 양쪽 취소 종결 (4.7s)
  ✓  33 tests/studio.spec.ts:248:1 › M: 실제 Yarn 레지스트리 503 안내 후 저장소 복구와 동일 revision 재시도 성공 (5.1s)
(node:60178) Warning: The 'NO_COLOR' env is ignored due to the 'FORCE_COLOR' env being set.
(Use `node --trace-warnings ...` to show where the warning was created)
(node:60178) Warning: The 'NO_COLOR' env is ignored due to the 'FORCE_COLOR' env being set.
(Use `node --trace-warnings ...` to show where the warning was created)
  ✓  34 tests/downloads.spec.ts:34:1 › T: Alice CSV/XLSX are AES-256 AE-2; signature, sub, single-use and 60-second expiry enforced (1.0m)
  ✓  35 tests/downloads.spec.ts:51:1 › U: viewer, nonmember and preview origin cannot create downloads (1.0s)
  ✓  36 tests/downloads.spec.ts:57:1 › V: MinIO bytes hide row values and password; successful delivery deletes ciphertext and wrapped key (131ms)
  ✓  37 tests/downloads.spec.ts:68:1 › W: audit verification is valid, seq remains continuous and audit contains no password, keys or signature (1.5s)
  ✓  38 tests/downloads.spec.ts:79:1 › download UI shows password once, saves using Bearer and clears it on close (1.2s)
  ✓  39 tests/identity.spec.ts:15:1 › N: carol nonmember receives 404 and cannot mint or use preview/capability (674ms)
  ✓  40 tests/identity.spec.ts:26:1 › O: owner member UI protects last owner; viewer read only, editor generation, removal revokes proxy within 5s (3.9s)
  ✓  41 tests/identity.spec.ts:49:1 › P: live write requires another API owner approval and expires (10.4s)
  ✓  42 tests/identity.spec.ts:75:1 › Q: preview capability never selects live upstream (74ms)
  ✓  43 tests/identity.spec.ts:85:3 › R isolated serial mutation › R: short-token renewal preserves a pending build; disabled bob cannot refresh or use expired access (13.3s)
  ✓  44 tests/identity.spec.ts:147:1 › S: iframe globals/storage/messages/URLs contain no Keycloak token (1.3s)
  ✓  45 tests/isolation.spec.ts:13:1 › X: project origins isolate storage and cross-project frame access (3.8s)
  ✓  46 tests/isolation.spec.ts:39:1 › Y: response CSP survives document.open and blocks egress before the server receives it (2.2s)
  ✓  47 tests/isolation.spec.ts:76:1 › Z: project A preview session from project B origin returns PREVIEW_ORIGIN_MISMATCH (24ms)
  ✓  48 tests/isolation.spec.ts:85:1 › AA: preview Host/path allowlist and studio embedding headers (32ms)
  ✓  49 tests/isolation.spec.ts:105:1 › AB: AST bypass sources are rejected without incrementing the source revision (30ms)
  ✓  50 tests/studio.spec.ts:10:1 › A: 생성, 역질문, 마스킹, 조회 사유와 감사 기록 (2.1s)
  ✓  51 tests/studio.spec.ts:11:1 › B: 문법 오류는 마지막 정상 화면 유지 (1.8s)
  ✓  52 tests/studio.spec.ts:12:1 › C: 이전 실행을 지연해도 최신 revision만 커밋 (4.2s)
D preview issuance boundary: {"roles":["viewer"],"probes":[{"endpoint":"/dev/session","tokenObtained":false,"blocked":true},{"endpoint":"/capabilities","tokenObtained":false,"blocked":true}],"authenticatedCapabilityBlocked":true}
  ✓  53 tests/studio.spec.ts:13:1 › D: viewer 자체 발급 차단, 읽기 전용 차단, 제한된 쓰기 허용 (2.4s)
  ✓  54 tests/studio.spec.ts:26:1 › E: 두 탭 CAS 충돌과 최신 내용 다시 불러오기 (2.4s)
  ✓  55 tests/studio.spec.ts:27:1 › F: 사내 useToast와 앱 React 인스턴스 공유 (2.0s)
  ✓  56 tests/studio.spec.ts:43:1 › G: 역질문 새로고침 복구, Last-Event-ID 이후 답변과 revision_ready (2.3s)
  ✓  57 tests/studio.spec.ts:60:1 › G: 복구한 질문 취소와 이미 끝난 생성·404 안내 (2.6s)
  ✓  58 tests/studio.spec.ts:79:1 › H: 쓰기 권한 만료 시 토글 off, 안내와 read capability 재반영 (5.7s)
  ✓  59 tests/studio.spec.ts:90:1 › I: 문법 오류 위치, 금지 패키지 이름과 runtime 원인 (1.6s)
  ✓  60 tests/studio.spec.ts:107:1 › J: CAS 최신 불러오기 전에 파일별 내 편집 보관, 복사와 새로고침 유지 (3.7s)
  ✓  61 tests/studio.spec.ts:127:1 › K: 존재하지 않는 패키지 버전의 실제 조합 실패와 동일 revision 재시도 (2.9s)
  ✓  62 tests/studio.spec.ts:145:1 › K: failed 응답·연결 실패·시간 초과 구분과 새로고침 없는 재빌드 (2.9s)
  ✓  63 tests/studio.spec.ts:195:34 › 레이아웃: 1600px 답변 버튼은 한 줄 (1.9s)
  ✓  64 tests/studio.spec.ts:195:34 › 레이아웃: 400px 답변 버튼은 한 줄 (1.4s)
  ✓  65 tests/studio.spec.ts:210:1 › L: 새 탭 활성 생성 전체 replay, 답변 동기화와 양쪽 취소 종결 (4.3s)
  ✓  66 tests/studio.spec.ts:248:1 › M: 실제 Yarn 레지스트리 503 안내 후 저장소 복구와 동일 revision 재시도 성공 (5.1s)
(node:64511) Warning: The 'NO_COLOR' env is ignored due to the 'FORCE_COLOR' env being set.
(Use `node --trace-warnings ...` to show where the warning was created)
(node:64511) Warning: The 'NO_COLOR' env is ignored due to the 'FORCE_COLOR' env being set.
(Use `node --trace-warnings ...` to show where the warning was created)
  ✓  67 tests/downloads.spec.ts:34:1 › T: Alice CSV/XLSX are AES-256 AE-2; signature, sub, single-use and 60-second expiry enforced (1.0m)
  ✓  68 tests/downloads.spec.ts:51:1 › U: viewer, nonmember and preview origin cannot create downloads (1.1s)
  ✓  69 tests/downloads.spec.ts:57:1 › V: MinIO bytes hide row values and password; successful delivery deletes ciphertext and wrapped key (142ms)
  ✓  70 tests/downloads.spec.ts:68:1 › W: audit verification is valid, seq remains continuous and audit contains no password, keys or signature (1.4s)
  ✓  71 tests/downloads.spec.ts:79:1 › download UI shows password once, saves using Bearer and clears it on close (1.1s)
  ✓  72 tests/identity.spec.ts:15:1 › N: carol nonmember receives 404 and cannot mint or use preview/capability (756ms)
  ✓  73 tests/identity.spec.ts:26:1 › O: owner member UI protects last owner; viewer read only, editor generation, removal revokes proxy within 5s (3.8s)
  ✓  74 tests/identity.spec.ts:49:1 › P: live write requires another API owner approval and expires (10.3s)
  ✓  75 tests/identity.spec.ts:75:1 › Q: preview capability never selects live upstream (76ms)
  ✓  76 tests/identity.spec.ts:85:3 › R isolated serial mutation › R: short-token renewal preserves a pending build; disabled bob cannot refresh or use expired access (13.6s)
  ✓  77 tests/identity.spec.ts:147:1 › S: iframe globals/storage/messages/URLs contain no Keycloak token (1.6s)
  ✓  78 tests/isolation.spec.ts:13:1 › X: project origins isolate storage and cross-project frame access (3.6s)
  ✓  79 tests/isolation.spec.ts:39:1 › Y: response CSP survives document.open and blocks egress before the server receives it (1.8s)
  ✓  80 tests/isolation.spec.ts:76:1 › Z: project A preview session from project B origin returns PREVIEW_ORIGIN_MISMATCH (23ms)
  ✓  81 tests/isolation.spec.ts:85:1 › AA: preview Host/path allowlist and studio embedding headers (30ms)
  ✓  82 tests/isolation.spec.ts:105:1 › AB: AST bypass sources are rejected without incrementing the source revision (27ms)
  ✓  83 tests/studio.spec.ts:10:1 › A: 생성, 역질문, 마스킹, 조회 사유와 감사 기록 (2.5s)
  ✓  84 tests/studio.spec.ts:11:1 › B: 문법 오류는 마지막 정상 화면 유지 (1.3s)
  ✓  85 tests/studio.spec.ts:12:1 › C: 이전 실행을 지연해도 최신 revision만 커밋 (3.9s)
D preview issuance boundary: {"roles":["viewer"],"probes":[{"endpoint":"/dev/session","tokenObtained":false,"blocked":true},{"endpoint":"/capabilities","tokenObtained":false,"blocked":true}],"authenticatedCapabilityBlocked":true}
  ✓  86 tests/studio.spec.ts:13:1 › D: viewer 자체 발급 차단, 읽기 전용 차단, 제한된 쓰기 허용 (2.7s)
  ✓  87 tests/studio.spec.ts:26:1 › E: 두 탭 CAS 충돌과 최신 내용 다시 불러오기 (2.5s)
  ✓  88 tests/studio.spec.ts:27:1 › F: 사내 useToast와 앱 React 인스턴스 공유 (1.4s)
  ✓  89 tests/studio.spec.ts:43:1 › G: 역질문 새로고침 복구, Last-Event-ID 이후 답변과 revision_ready (2.3s)
  ✓  90 tests/studio.spec.ts:60:1 › G: 복구한 질문 취소와 이미 끝난 생성·404 안내 (2.1s)
  ✓  91 tests/studio.spec.ts:79:1 › H: 쓰기 권한 만료 시 토글 off, 안내와 read capability 재반영 (5.7s)
  ✓  92 tests/studio.spec.ts:90:1 › I: 문법 오류 위치, 금지 패키지 이름과 runtime 원인 (1.9s)
  ✓  93 tests/studio.spec.ts:107:1 › J: CAS 최신 불러오기 전에 파일별 내 편집 보관, 복사와 새로고침 유지 (3.7s)
  ✓  94 tests/studio.spec.ts:127:1 › K: 존재하지 않는 패키지 버전의 실제 조합 실패와 동일 revision 재시도 (2.4s)
  ✓  95 tests/studio.spec.ts:145:1 › K: failed 응답·연결 실패·시간 초과 구분과 새로고침 없는 재빌드 (3.0s)
  ✓  96 tests/studio.spec.ts:195:34 › 레이아웃: 1600px 답변 버튼은 한 줄 (1.8s)
  ✓  97 tests/studio.spec.ts:195:34 › 레이아웃: 400px 답변 버튼은 한 줄 (1.7s)
  ✓  98 tests/studio.spec.ts:210:1 › L: 새 탭 활성 생성 전체 replay, 답변 동기화와 양쪽 취소 종결 (4.6s)
  ✓  99 tests/studio.spec.ts:248:1 › M: 실제 Yarn 레지스트리 503 안내 후 저장소 복구와 동일 revision 재시도 성공 (4.7s)

  99 passed (7.6m)
