
> test
> playwright test tests/studio.spec.ts tests/identity.spec.ts tests/isolation.spec.ts --grep ^(?!.*R:)


Running 27 tests using 1 worker

(node:53503) Warning: The 'NO_COLOR' env is ignored due to the 'FORCE_COLOR' env being set.
(Use `node --trace-warnings ...` to show where the warning was created)
(node:53503) Warning: The 'NO_COLOR' env is ignored due to the 'FORCE_COLOR' env being set.
(Use `node --trace-warnings ...` to show where the warning was created)
  ✓   1 tests/identity.spec.ts:15:1 › N: carol nonmember receives 404 and cannot mint or use preview/capability (2.9s)
  ✓   2 tests/identity.spec.ts:26:1 › O: owner member UI protects last owner; viewer read only, editor generation, removal revokes proxy within 5s (3.8s)
  ✓   3 tests/identity.spec.ts:49:1 › P: live write requires another API owner approval and expires (10.2s)
  ✓   4 tests/identity.spec.ts:75:1 › Q: preview capability never selects live upstream (87ms)
  ✓   5 tests/identity.spec.ts:147:1 › S: iframe globals/storage/messages/URLs contain no Keycloak token (1.3s)
  ✓   6 tests/isolation.spec.ts:13:1 › X: project origins isolate storage and cross-project frame access (3.3s)
  ✓   7 tests/isolation.spec.ts:39:1 › Y: response CSP survives document.open and blocks egress before the server receives it (1.8s)
  ✓   8 tests/isolation.spec.ts:76:1 › Z: project A preview session from project B origin returns PREVIEW_ORIGIN_MISMATCH (22ms)
  ✓   9 tests/isolation.spec.ts:85:1 › AA: preview Host/path allowlist and studio embedding headers (24ms)
  ✓  10 tests/isolation.spec.ts:105:1 › AB: AST bypass sources are rejected without incrementing the source revision (31ms)
  ✓  11 tests/studio.spec.ts:10:1 › A: 생성, 역질문, 마스킹, 조회 사유와 감사 기록 (2.1s)
  ✓  12 tests/studio.spec.ts:11:1 › B: 문법 오류는 마지막 정상 화면 유지 (1.3s)
  ✓  13 tests/studio.spec.ts:12:1 › C: 이전 실행을 지연해도 최신 revision만 커밋 (4.2s)
D preview issuance boundary: {"roles":["viewer"],"probes":[{"endpoint":"/dev/session","tokenObtained":false,"blocked":true},{"endpoint":"/capabilities","tokenObtained":false,"blocked":true}],"authenticatedCapabilityBlocked":true}
  ✓  14 tests/studio.spec.ts:13:1 › D: viewer 자체 발급 차단, 읽기 전용 차단, 제한된 쓰기 허용 (2.4s)
  ✓  15 tests/studio.spec.ts:26:1 › E: 두 탭 CAS 충돌과 최신 내용 다시 불러오기 (2.5s)
  ✓  16 tests/studio.spec.ts:27:1 › F: 사내 useToast와 앱 React 인스턴스 공유 (2.1s)
  ✓  17 tests/studio.spec.ts:43:1 › G: 역질문 새로고침 복구, Last-Event-ID 이후 답변과 revision_ready (1.9s)
  ✓  18 tests/studio.spec.ts:60:1 › G: 복구한 질문 취소와 이미 끝난 생성·404 안내 (2.4s)
  ✓  19 tests/studio.spec.ts:79:1 › H: 쓰기 권한 만료 시 토글 off, 안내와 read capability 재반영 (5.7s)
  ✓  20 tests/studio.spec.ts:90:1 › I: 문법 오류 위치, 금지 패키지 이름과 runtime 원인 (1.6s)
  ✓  21 tests/studio.spec.ts:107:1 › J: CAS 최신 불러오기 전에 파일별 내 편집 보관, 복사와 새로고침 유지 (3.7s)
  ✓  22 tests/studio.spec.ts:127:1 › K: 존재하지 않는 패키지 버전의 실제 조합 실패와 동일 revision 재시도 (2.4s)
  ✓  23 tests/studio.spec.ts:145:1 › K: failed 응답·연결 실패·시간 초과 구분과 새로고침 없는 재빌드 (3.1s)
  ✓  24 tests/studio.spec.ts:195:34 › 레이아웃: 1600px 답변 버튼은 한 줄 (1.9s)
  ✓  25 tests/studio.spec.ts:195:34 › 레이아웃: 400px 답변 버튼은 한 줄 (1.5s)
  ✓  26 tests/studio.spec.ts:210:1 › L: 새 탭 활성 생성 전체 replay, 답변 동기화와 양쪽 취소 종결 (4.1s)
  ✓  27 tests/studio.spec.ts:248:1 › M: 실제 Yarn 레지스트리 503 안내 후 저장소 복구와 동일 revision 재시도 성공 (5.1s)

  27 passed (1.2m)
