[0.000s] development configuration: starting
[0.008s] development configuration: ready (0.008s)
[0.009s] Docker Compose: starting
[0.116s]  Network toi-qa2_default  Creating
[0.212s]  Network toi-qa2_default  Created
[0.214s]  Volume "toi-qa2_verdaccio-auth"  Creating
[0.218s]  Volume "toi-qa2_verdaccio-auth"  Created
[0.219s]  Volume "toi-qa2_minio-data"  Creating
[0.222s]  Volume "toi-qa2_minio-data"  Created
[0.223s]  Volume "toi-qa2_verdaccio-storage"  Creating
[0.224s]  Volume "toi-qa2_verdaccio-storage"  Created
[0.226s]  Container toi-qa2-minio-1  Creating
[0.226s]  Container toi-qa2-verdaccio-init-1  Creating
[0.275s]  Container toi-qa2-minio-1  Created
[0.278s]  Container toi-qa2-verdaccio-init-1  Created
[0.278s]  Container toi-qa2-verdaccio-1  Creating
[0.333s]  Container toi-qa2-verdaccio-1  Created
[0.359s]  Container toi-qa2-verdaccio-init-1  Starting
[0.359s]  Container toi-qa2-minio-1  Starting
[0.488s]  Container toi-qa2-minio-1  Started
[0.495s]  Container toi-qa2-verdaccio-init-1  Started
[0.496s]  Container toi-qa2-verdaccio-init-1  Waiting
[1.000s]  Container toi-qa2-verdaccio-init-1  Exited
[1.000s]  Container toi-qa2-verdaccio-1  Starting
[1.127s]  Container toi-qa2-verdaccio-1  Started
[1.336s] Docker Compose: ready (1.327s)
[1.336s] registry and storage health: starting
[1.884s] registry and storage health: ready (0.548s)
[1.885s] packages/fake-tds install: starting
[2.616s] 
[2.617s] added 4 packages, and audited 5 packages in 623ms
[2.617s] 
[2.617s] found 0 vulnerabilities
[2.624s] packages/fake-tds install: ready (0.739s)
[2.624s] packages/preview-runtime install: starting
[4.072s] 
[4.073s] added 116 packages, and audited 117 packages in 1s
[4.073s] 
[4.074s] 22 packages are looking for funding
[4.074s]   run `npm fund` for details
[4.074s] 
[4.074s] found 0 vulnerabilities
[4.081s] packages/preview-runtime install: ready (1.457s)
[4.081s] services/mock-backend install: starting
[5.561s] 
[5.561s] added 125 packages, and audited 126 packages in 1s
[5.562s] 
[5.562s] 17 packages are looking for funding
[5.562s]   run `npm fund` for details
[5.569s] 
[5.569s] 2 vulnerabilities (1 moderate, 1 critical)
[5.570s] 
[5.570s] To address all issues, run:
[5.570s]   npm audit fix --force
[5.571s] 
[5.571s] Run `npm audit` for details.
[5.577s] services/mock-backend install: ready (1.495s)
[5.577s] services/policy-proxy install: starting
[7.083s] 
[7.084s] added 126 packages, and audited 127 packages in 1s
[7.084s] 
[7.085s] 17 packages are looking for funding
[7.085s]   run `npm fund` for details
[7.090s] 
[7.091s] 2 vulnerabilities (1 moderate, 1 critical)
[7.091s] 
[7.091s] To address all issues, run:
[7.091s]   npm audit fix --force
[7.092s] 
[7.092s] Run `npm audit` for details.
[7.099s] services/policy-proxy install: ready (1.522s)
[7.099s] services/deps-builder install: starting
[8.443s] 
[8.443s] added 100 packages, and audited 101 packages in 1s
[8.444s] 
[8.444s] 25 packages are looking for funding
[8.444s]   run `npm fund` for details
[8.447s] 
[8.447s] 5 moderate severity vulnerabilities
[8.448s] 
[8.448s] To address all issues, run:
[8.448s]   npm audit fix --force
[8.448s] 
[8.448s] Run `npm audit` for details.
[8.456s] services/deps-builder install: ready (1.357s)
[8.456s] services/agent-server install: starting
[10.028s] 
[10.029s] added 121 packages, and audited 122 packages in 1s
[10.029s] 
[10.030s] 23 packages are looking for funding
[10.030s]   run `npm fund` for details
[10.030s] 
[10.030s] found 0 vulnerabilities
[10.037s] services/agent-server install: ready (1.581s)
[10.038s] apps/studio install: starting
[11.141s] 
[11.141s] added 56 packages, and audited 57 packages in 1s
[11.141s] 
[11.142s] found 0 vulnerabilities
[11.149s] apps/studio install: ready (1.111s)
[11.149s] registry setup: starting
[11.285s] 
[11.285s] > @toi/deps-builder@1.0.0 setup-registry
[11.286s] > node scripts/setup-registry.mjs
[11.286s] 
[11.381s] Anonymous @toi/tds metadata blocked: HTTP 401
[11.641s] Registry token stored in gitignored root .env (mode 0600)
[11.642s] fake-tds build: starting
[12.764s] fake-tds build: ready (1.124s)
[13.634s] Published @toi/tds@1.0.0
[14.303s] Published @toi/tds@1.1.0
[14.309s] Verified both versions published; anonymous access remains HTTP 401
[14.317s] registry setup: ready (3.168s)
[14.317s] fetch client publish: starting
[14.440s] 
[14.441s] > @toi/policy-proxy@1.0.0 publish:client
[14.441s] > node scripts/publish-client.mjs
[14.441s] 
[16.330s] Published @toi/fetch@1.0.0; anonymous metadata is blocked
[16.401s] fetch client publish: ready (2.083s)
[16.401s] mock-backend start: starting
[17.928s] mock-backend start: ready (1.526s)
[17.928s] policy-proxy start: starting
[18.951s] policy-proxy start: ready (1.022s)
[18.951s] deps-builder start: starting
[20.476s] deps-builder start: ready (1.525s)
[20.477s] agent-server start: starting
[22.017s] agent-server start: ready (1.540s)
[22.018s] studio start: starting
[22.534s] studio start: ready (0.516s)
[22.535s] preview origin health: starting
[22.536s] preview origin health: ready (0.002s)
[22.537s] TOI-lite ready: http://localhost:5173 (logs: scripts/.run)
