[0.000s] development configuration: starting
[0.009s] development configuration: ready (0.009s)
[0.009s] Docker Compose: starting
[3.133s]  Container toi-qa2-verdaccio-init-1  Created
[3.134s]  Container toi-qa2-minio-1  Running
[3.135s]  Container toi-qa2-verdaccio-1  Running
[6.158s]  Container toi-qa2-verdaccio-init-1  Starting
[6.304s]  Container toi-qa2-verdaccio-init-1  Started
[6.305s]  Container toi-qa2-verdaccio-init-1  Waiting
[6.811s]  Container toi-qa2-verdaccio-init-1  Exited
[7.024s] Docker Compose: ready (7.015s)
[7.025s] registry and storage health: starting
[7.060s] registry and storage health: ready (0.036s)
[7.061s] packages/fake-tds install: starting
[7.061s] packages/fake-tds: dependencies already installed
[7.061s] packages/fake-tds install: ready (0.001s)
[7.062s] packages/preview-runtime install: starting
[7.062s] packages/preview-runtime: dependencies already installed
[7.062s] packages/preview-runtime install: ready (0.000s)
[7.062s] services/mock-backend install: starting
[7.062s] services/mock-backend: dependencies already installed
[7.063s] services/mock-backend install: ready (0.000s)
[7.063s] services/policy-proxy install: starting
[7.063s] services/policy-proxy: dependencies already installed
[7.063s] services/policy-proxy install: ready (0.001s)
[7.064s] services/deps-builder install: starting
[7.064s] services/deps-builder: dependencies already installed
[7.064s] services/deps-builder install: ready (0.000s)
[7.064s] services/agent-server install: starting
[7.064s] services/agent-server: dependencies already installed
[7.064s] services/agent-server install: ready (0.000s)
[7.065s] apps/studio install: starting
[7.065s] apps/studio: dependencies already installed
[7.065s] apps/studio install: ready (0.000s)
[7.065s] registry setup: starting
[7.184s] 
[7.184s] > @toi/deps-builder@1.0.0 setup-registry
[7.185s] > node scripts/setup-registry.mjs
[7.185s] 
[7.269s] Anonymous @toi/tds metadata blocked: HTTP 401
[7.388s] fake-tds build: starting
[8.173s] fake-tds build: ready (0.785s)
[8.290s] @toi/tds@1.0.0 already published
[8.402s] @toi/tds@1.1.0 already published
[8.404s] Verified both versions published; anonymous access remains HTTP 401
[8.412s] registry setup: ready (1.347s)
[8.412s] fetch client publish: starting
[8.535s] 
[8.535s] > @toi/policy-proxy@1.0.0 publish:client
[8.536s] > node scripts/publish-client.mjs
[8.536s] 
[9.411s] @toi/fetch@1.0.0 already published
[9.418s] fetch client publish: ready (1.006s)
[9.419s] mock-backend start: starting
[9.423s] mock-backend: existing healthy service
[9.423s] mock-backend start: ready (0.004s)
[9.423s] policy-proxy start: starting
[9.425s] policy-proxy: existing healthy service
[9.426s] policy-proxy start: ready (0.002s)
[9.426s] deps-builder start: starting
[10.441s] deps-builder start: ready (1.016s)
[10.442s] agent-server start: starting
[10.445s] agent-server: existing healthy service
[10.446s] agent-server start: ready (0.004s)
[10.446s] studio start: starting
[10.448s] studio: existing healthy service
[10.448s] studio start: ready (0.002s)
[10.448s] preview origin health: starting
[10.450s] preview origin health: ready (0.001s)
[10.450s] TOI-lite ready: http://localhost:5173 (logs: scripts/.run)
