[0.000s] development configuration: starting
[0.009s] development configuration: ready (0.009s)
[0.010s] Docker Compose: starting
[3.273s]  Container toi-qa2-minio-1  Running
[3.274s]  Container toi-qa2-verdaccio-init-1  Created
[3.275s]  Container toi-qa2-verdaccio-1  Running
[6.301s]  Container toi-qa2-verdaccio-init-1  Starting
[6.433s]  Container toi-qa2-verdaccio-init-1  Started
[6.434s]  Container toi-qa2-verdaccio-init-1  Waiting
[6.943s]  Container toi-qa2-verdaccio-init-1  Exited
[7.157s] Docker Compose: ready (7.147s)
[7.158s] registry and storage health: starting
[7.194s] registry and storage health: ready (0.036s)
[7.194s] packages/fake-tds install: starting
[7.195s] packages/fake-tds: dependencies already installed
[7.195s] packages/fake-tds install: ready (0.000s)
[7.195s] packages/preview-runtime install: starting
[7.195s] packages/preview-runtime: dependencies already installed
[7.195s] packages/preview-runtime install: ready (0.000s)
[7.196s] services/mock-backend install: starting
[7.196s] services/mock-backend: dependencies already installed
[7.196s] services/mock-backend install: ready (0.000s)
[7.196s] services/policy-proxy install: starting
[7.197s] services/policy-proxy: dependencies already installed
[7.197s] services/policy-proxy install: ready (0.001s)
[7.197s] services/deps-builder install: starting
[7.197s] services/deps-builder: dependencies already installed
[7.197s] services/deps-builder install: ready (0.000s)
[7.198s] services/agent-server install: starting
[7.198s] services/agent-server: dependencies already installed
[7.198s] services/agent-server install: ready (0.000s)
[7.198s] apps/studio install: starting
[7.198s] apps/studio: dependencies already installed
[7.198s] apps/studio install: ready (0.000s)
[7.198s] registry setup: starting
[7.357s] 
[7.357s] > @toi/deps-builder@1.0.0 setup-registry
[7.357s] > node scripts/setup-registry.mjs
[7.358s] 
[7.444s] Anonymous @toi/tds metadata blocked: HTTP 401
[7.564s] fake-tds build: starting
[8.355s] fake-tds build: ready (0.791s)
[8.472s] @toi/tds@1.0.0 already published
[8.585s] @toi/tds@1.1.0 already published
[8.588s] Verified both versions published; anonymous access remains HTTP 401
[8.602s] registry setup: ready (1.403s)
[8.602s] fetch client publish: starting
[8.735s] 
[8.736s] > @toi/policy-proxy@1.0.0 publish:client
[8.736s] > node scripts/publish-client.mjs
[8.736s] 
[9.636s] @toi/fetch@1.0.0 already published
[9.642s] fetch client publish: ready (1.040s)
[9.643s] mock-backend start: starting
[9.646s] mock-backend: existing healthy service
[9.647s] mock-backend start: ready (0.004s)
[9.647s] policy-proxy start: starting
[10.160s] policy-proxy start: ready (0.513s)
[10.161s] deps-builder start: starting
[10.163s] deps-builder: existing healthy service
[10.163s] deps-builder start: ready (0.003s)
[10.163s] agent-server start: starting
[10.165s] agent-server: existing healthy service
[10.165s] agent-server start: ready (0.002s)
[10.165s] studio start: starting
[10.168s] studio: existing healthy service
[10.168s] studio start: ready (0.003s)
[10.168s] preview origin health: starting
[10.170s] preview origin health: ready (0.001s)
[10.170s] TOI-lite ready: http://localhost:5173 (logs: scripts/.run)
