[0.000s] development configuration: starting
[0.009s] development configuration: ready (0.009s)
[0.009s] Docker Compose: starting
[3.140s]  Container toi-qa2-verdaccio-init-1  Created
[3.141s]  Container toi-qa2-minio-1  Running
[3.142s]  Container toi-qa2-verdaccio-1  Running
[6.164s]  Container toi-qa2-verdaccio-init-1  Starting
[6.299s]  Container toi-qa2-verdaccio-init-1  Started
[6.300s]  Container toi-qa2-verdaccio-init-1  Waiting
[6.805s]  Container toi-qa2-verdaccio-init-1  Exited
[7.018s] Docker Compose: ready (7.009s)
[7.019s] registry and storage health: starting
[7.055s] registry and storage health: ready (0.036s)
[7.055s] packages/fake-tds install: starting
[7.056s] packages/fake-tds: dependencies already installed
[7.056s] packages/fake-tds install: ready (0.000s)
[7.056s] packages/preview-runtime install: starting
[7.056s] packages/preview-runtime: dependencies already installed
[7.056s] packages/preview-runtime install: ready (0.000s)
[7.057s] services/mock-backend install: starting
[7.057s] services/mock-backend: dependencies already installed
[7.057s] services/mock-backend install: ready (0.001s)
[7.057s] services/policy-proxy install: starting
[7.058s] services/policy-proxy: dependencies already installed
[7.058s] services/policy-proxy install: ready (0.001s)
[7.058s] services/deps-builder install: starting
[7.058s] services/deps-builder: dependencies already installed
[7.058s] services/deps-builder install: ready (0.000s)
[7.059s] services/agent-server install: starting
[7.059s] services/agent-server: dependencies already installed
[7.059s] services/agent-server install: ready (0.000s)
[7.059s] apps/studio install: starting
[7.059s] apps/studio: dependencies already installed
[7.059s] apps/studio install: ready (0.000s)
[7.060s] registry setup: starting
[7.204s] 
[7.205s] > @toi/deps-builder@1.0.0 setup-registry
[7.205s] > node scripts/setup-registry.mjs
[7.205s] 
[7.289s] Anonymous @toi/tds metadata blocked: HTTP 401
[7.405s] fake-tds build: starting
[8.179s] fake-tds build: ready (0.774s)
[8.298s] @toi/tds@1.0.0 already published
[8.412s] @toi/tds@1.1.0 already published
[8.414s] Verified both versions published; anonymous access remains HTTP 401
[8.429s] registry setup: ready (1.369s)
[8.430s] fetch client publish: starting
[8.562s] 
[8.563s] > @toi/policy-proxy@1.0.0 publish:client
[8.563s] > node scripts/publish-client.mjs
[8.563s] 
[9.473s] @toi/fetch@1.0.0 already published
[9.479s] fetch client publish: ready (1.049s)
[9.480s] mock-backend start: starting
[9.994s] mock-backend start: ready (0.514s)
[9.994s] policy-proxy start: starting
[9.997s] policy-proxy: existing healthy service
[9.997s] policy-proxy start: ready (0.003s)
[9.997s] deps-builder start: starting
[9.999s] deps-builder: existing healthy service
[9.999s] deps-builder start: ready (0.002s)
[10.000s] agent-server start: starting
[10.001s] agent-server: existing healthy service
[10.001s] agent-server start: ready (0.002s)
[10.001s] studio start: starting
[10.004s] studio: existing healthy service
[10.004s] studio start: ready (0.002s)
[10.004s] preview origin health: starting
[10.005s] preview origin health: ready (0.001s)
[10.006s] TOI-lite ready: http://localhost:5173 (logs: scripts/.run)
