[
  { change: 'baseline', key: '165bdc14048005a3', changed: false },
  { change: 'entry-order', key: '165bdc14048005a3', changed: false },
  { change: 'entry-added', key: '7bb65f7a368089c6', changed: true },
  { change: 'duplicate-entry', key: '71b4405981398656', changed: true },
  { change: 'lock-whitespace', key: 'e595d8a19df88518', changed: true },
  {
    change: 'lock-version-string',
    key: 'd905ba726991970a',
    changed: true
  },
  {
    change: 'build-tool-version-only',
    key: '165bdc14048005a3',
    changed: false
  },
  {
    change: 'build-config-only',
    key: '165bdc14048005a3',
    changed: false
  },
  { change: 'NODE_ENV-only', key: '165bdc14048005a3', changed: false },
  {
    change: 'package-json-non-entry-metadata',
    key: '165bdc14048005a3',
    changed: false
  },
  {
    change: 'registry-credentials-only',
    key: '165bdc14048005a3',
    changed: false
  }
]
