[0.001s] development configuration: starting
[0.008s] development configuration: ready (0.008s)
[0.008s] Docker Compose: starting
[0.106s]  Network toi-lite_default  Creating
[0.227s]  Network toi-lite_default  Created
[0.235s]  Container toi-lite-keycloak-1  Creating
[0.236s]  Container toi-lite-verdaccio-init-1  Creating
[0.236s]  Container toi-lite-minio-1  Creating
[0.304s]  Container toi-lite-keycloak-1  Created
[0.309s]  Container toi-lite-minio-1  Created
[0.316s]  Container toi-lite-verdaccio-init-1  Created
[0.317s]  Container toi-lite-verdaccio-1  Creating
[0.391s]  Container toi-lite-verdaccio-1  Created
[0.423s]  Container toi-lite-verdaccio-init-1  Starting
[0.423s]  Container toi-lite-keycloak-1  Starting
[0.424s]  Container toi-lite-minio-1  Starting
[0.581s]  Container toi-lite-minio-1  Started
[0.606s]  Container toi-lite-keycloak-1  Started
[0.608s]  Container toi-lite-verdaccio-init-1  Started
[0.608s]  Container toi-lite-verdaccio-init-1  Waiting
[1.113s]  Container toi-lite-verdaccio-init-1  Exited
[1.113s]  Container toi-lite-verdaccio-1  Starting
[1.258s]  Container toi-lite-verdaccio-1  Started
[1.466s] Docker Compose: ready (1.458s)
[1.466s] Keycloak identity provisioning: starting
[10.447s] Keycloak identity provisioning failed: command failed; inspect the log (8.981s)
[10.448s] Logs: /Users/psw/Projects/toi-lite-qa4/scripts/.run/dev-up.log
