
added 3 packages, and audited 4 packages in 604ms

found 0 vulnerabilities
[0.001s] development configuration: starting
[0.008s] development configuration: ready (0.008s)
[0.008s] Docker Compose project: toi-qa4
[0.009s] Docker Compose: starting
[3.147s]  Container toi-qa4-keycloak-1  Running
[3.148s]  Container toi-qa4-minio-1  Running
[3.148s]  Container toi-qa4-verdaccio-init-1  Created
[3.149s]  Container toi-qa4-verdaccio-1  Running
[6.171s]  Container toi-qa4-verdaccio-init-1  Starting
[6.313s]  Container toi-qa4-verdaccio-init-1  Started
[6.314s]  Container toi-qa4-verdaccio-init-1  Waiting
[6.821s]  Container toi-qa4-verdaccio-init-1  Exited
[7.035s] Docker Compose: ready (7.027s)
[7.036s] Keycloak identity provisioning: starting
[7.410s] Keycloak identity provisioning: ready (0.374s)
[7.410s] registry and storage health: starting
[7.415s] registry and storage health: ready (0.005s)
[7.416s] packages/fake-tds install: starting
[7.416s] packages/preview-runtime install: starting
[7.417s] services/mock-backend install: starting
[7.417s] packages/fake-tds: dependencies already installed
[7.417s] packages/fake-tds install: ready (0.002s)
[7.418s] services/policy-proxy install: starting
[7.419s] packages/preview-runtime: dependencies already installed
[7.419s] packages/preview-runtime install: ready (0.003s)
[7.419s] services/deps-builder install: starting
[7.420s] services/mock-backend: dependencies already installed
[7.420s] services/mock-backend install: ready (0.003s)
[7.420s] services/agent-server install: starting
[7.420s] services/policy-proxy: dependencies already installed
[7.421s] services/policy-proxy install: ready (0.003s)
[7.421s] apps/studio install: starting
[7.421s] services/deps-builder: dependencies already installed
[7.422s] services/deps-builder install: ready (0.002s)
[7.422s] services/agent-server: dependencies already installed
[7.422s] services/agent-server install: ready (0.002s)
[7.423s] apps/studio: dependencies already installed
[7.423s] apps/studio install: ready (0.002s)
[7.423s] download and audit storage provisioning: starting
[17.187s] download and audit storage provisioning: ready (9.763s)
[17.187s] registry setup: starting
[17.309s] 
[17.310s] > @toi/deps-builder@1.0.0 setup-registry
[17.310s] > node scripts/setup-registry.mjs
[17.310s] 
[17.395s] Anonymous @toi/tds metadata blocked: HTTP 401
[17.511s] fake-tds build: starting
[18.289s] fake-tds build: ready (0.778s)
[18.406s] @toi/tds@1.0.0 already published
[18.519s] @toi/tds@1.1.0 already published
[18.521s] Verified both versions published; anonymous access remains HTTP 401
[18.536s] registry setup: ready (1.349s)
[18.537s] fetch client publish: starting
[18.664s] 
[18.665s] > @toi/policy-proxy@1.0.0 publish:client
[18.665s] > node scripts/publish-client.mjs
[18.665s] 
[19.587s] @toi/fetch@1.1.0 already published
[19.595s] fetch client publish: ready (1.058s)
[19.595s] mock-backend start: starting
[19.598s] mock-backend: existing healthy service
[19.599s] mock-backend start: ready (0.003s)
[19.599s] policy-proxy start: starting
[19.602s] policy-proxy: applying managed environment configuration
[20.615s] policy-proxy start: ready (1.016s)
[20.615s] deps-builder start: starting
[20.617s] deps-builder: existing healthy service
[20.617s] deps-builder start: ready (0.002s)
[20.617s] agent-server start: starting
[20.619s] agent-server: existing healthy service
[20.619s] agent-server start: ready (0.002s)
[20.619s] studio start: starting
[20.622s] studio: applying managed environment configuration
[21.137s] studio start: ready (0.517s)
[21.138s] preview origin health: starting
[21.141s] preview origin health: ready (0.004s)
[21.141s] TOI-lite ready: http://localhost:5173 (logs: scripts/.run)

> test:repeat
> playwright test --repeat-each=3


Running 117 tests using 1 worker

(node:64312) Warning: The 'NO_COLOR' env is ignored due to the 'FORCE_COLOR' env being set.
(Use `node --trace-warnings ...` to show where the warning was created)
(node:64312) Warning: The 'NO_COLOR' env is ignored due to the 'FORCE_COLOR' env being set.
(Use `node --trace-warnings ...` to show where the warning was created)
  ✓    1 tests/downloads.spec.ts:34:1 › T: Alice CSV/XLSX are AES-256 AE-2; signature, sub, single-use and 60-second expiry enforced (1.0m)
  ✓    2 tests/downloads.spec.ts:51:1 › U: viewer, nonmember and preview origin cannot create downloads (1.1s)
  ✓    3 tests/downloads.spec.ts:57:1 › V: MinIO bytes hide row values and password; successful delivery deletes ciphertext and wrapped key (136ms)
  ✓    4 tests/downloads.spec.ts:68:1 › W: audit verification is valid, seq remains continuous and audit contains no password, keys or signature (1.2s)
  ✓    5 tests/downloads.spec.ts:79:1 › download UI shows password once, saves using Bearer and clears it on close (1.4s)
  ✓    6 tests/identity.spec.ts:15:1 › N: carol nonmember receives 404 and cannot mint or use preview/capability (711ms)
  ✓    7 tests/identity.spec.ts:26:1 › O: owner member UI protects last owner; viewer read only, editor generation, removal revokes proxy within 5s (3.8s)
  ✓    8 tests/identity.spec.ts:49:1 › P: live write requires another API owner approval and expires (10.3s)
  ✓    9 tests/identity.spec.ts:75:1 › Q: preview capability never selects live upstream (76ms)
  ✓   10 tests/identity.spec.ts:85:3 › R isolated serial mutation › R: short-token renewal preserves a pending build; disabled bob cannot refresh or use expired access (13.5s)
  ✓   11 tests/identity.spec.ts:147:1 › S: iframe globals/storage/messages/URLs contain no Keycloak token (1.3s)
  ✓   12 tests/isolation.spec.ts:13:1 › X: project origins isolate storage and cross-project frame access (3.6s)
  ✓   13 tests/isolation.spec.ts:39:1 › Y: response CSP survives document.open and blocks egress before the server receives it (1.8s)
  ✓   14 tests/isolation.spec.ts:76:1 › Z: project A preview session from project B origin returns PREVIEW_DIRECT_FORBIDDEN (16ms)
  ✓   15 tests/isolation.spec.ts:85:1 › AA: preview Host/path allowlist and studio embedding headers (29ms)
  ✓   16 tests/isolation.spec.ts:105:1 › AB: AST bypass sources are rejected without incrementing the source revision (32ms)
  ✓   17 tests/isolation.spec.ts:130:1 › AC: actual studio preview credentials never appear in frame globals, DOM, storage or messages (1.4s)
AD navigation receiver: {"requests":0,"credentialLeaks":0}
  ✓   18 tests/isolation.spec.ts:159:1 › AD: generated location navigation leaks zero credentials, removes the frame and restores the good revision (1.5s)
  ✓   19 tests/isolation.spec.ts:185:1 › AE: direct policy fetch is CSP-blocked while postMessage broker succeeds (1.2s)
  ✓   20 tests/isolation.spec.ts:193:1 › AF: replaced frame requests are ignored and its pending response is discarded (2.0s)
  ✓   21 tests/isolation.spec.ts:209:1 › AG: PATCH is 403 WRITE_NOT_ALLOWED until the user grants write capability (2.7s)
  ✓   22 tests/isolation.spec.ts:219:1 › AH: broker enforces concurrency, rolling request rate, and 5 MiB response limit (4.1s)
  ✓   23 tests/studio.spec.ts:10:1 › A: 생성, 역질문, 마스킹, 조회 사유와 감사 기록 (2.1s)
  ✓   24 tests/studio.spec.ts:11:1 › B: 문법 오류는 마지막 정상 화면 유지 (1.3s)
  ✓   25 tests/studio.spec.ts:12:1 › C: 이전 실행을 지연해도 최신 revision만 커밋 (3.8s)
  ✓   26 tests/studio.spec.ts:13:1 › D: viewer 자체 발급 차단, 읽기 전용 차단, 제한된 쓰기 허용 (2.3s)
  ✓   27 tests/studio.spec.ts:16:1 › E: 두 탭 CAS 충돌과 최신 내용 다시 불러오기 (2.4s)
  ✓   28 tests/studio.spec.ts:17:1 › F: 사내 useToast와 앱 React 인스턴스 공유 (1.7s)
  ✓   29 tests/studio.spec.ts:33:1 › G: 역질문 새로고침 복구, Last-Event-ID 이후 답변과 revision_ready (2.3s)
  ✓   30 tests/studio.spec.ts:50:1 › G: 복구한 질문 취소와 이미 끝난 생성·404 안내 (2.1s)
  ✓   31 tests/studio.spec.ts:69:1 › H: 쓰기 권한 만료 시 토글 off, 안내와 read capability 재반영 (5.7s)
  ✓   32 tests/studio.spec.ts:80:1 › I: 문법 오류 위치, 금지 패키지 이름과 runtime 원인 (1.6s)
  ✓   33 tests/studio.spec.ts:97:1 › J: CAS 최신 불러오기 전에 파일별 내 편집 보관, 복사와 새로고침 유지 (4.0s)
  ✓   34 tests/studio.spec.ts:117:1 › K: 존재하지 않는 패키지 버전의 실제 조합 실패와 동일 revision 재시도 (2.4s)
  ✓   35 tests/studio.spec.ts:135:1 › K: failed 응답·연결 실패·시간 초과 구분과 새로고침 없는 재빌드 (2.7s)
  ✓   36 tests/studio.spec.ts:185:34 › 레이아웃: 1600px 답변 버튼은 한 줄 (1.5s)
  ✓   37 tests/studio.spec.ts:185:34 › 레이아웃: 400px 답변 버튼은 한 줄 (1.4s)
  ✓   38 tests/studio.spec.ts:200:1 › L: 새 탭 활성 생성 전체 replay, 답변 동기화와 양쪽 취소 종결 (3.9s)
  ✓   39 tests/studio.spec.ts:238:1 › M: 실제 Yarn 레지스트리 503 안내 후 저장소 복구와 동일 revision 재시도 성공 (5.6s)
(node:67289) Warning: The 'NO_COLOR' env is ignored due to the 'FORCE_COLOR' env being set.
(Use `node --trace-warnings ...` to show where the warning was created)
(node:67289) Warning: The 'NO_COLOR' env is ignored due to the 'FORCE_COLOR' env being set.
(Use `node --trace-warnings ...` to show where the warning was created)
  ✓   40 tests/downloads.spec.ts:34:1 › T: Alice CSV/XLSX are AES-256 AE-2; signature, sub, single-use and 60-second expiry enforced (1.0m)
  ✓   41 tests/downloads.spec.ts:51:1 › U: viewer, nonmember and preview origin cannot create downloads (1.0s)
  ✓   42 tests/downloads.spec.ts:57:1 › V: MinIO bytes hide row values and password; successful delivery deletes ciphertext and wrapped key (128ms)
  ✓   43 tests/downloads.spec.ts:68:1 › W: audit verification is valid, seq remains continuous and audit contains no password, keys or signature (1.3s)
  ✓   44 tests/downloads.spec.ts:79:1 › download UI shows password once, saves using Bearer and clears it on close (1.3s)
  ✓   45 tests/identity.spec.ts:15:1 › N: carol nonmember receives 404 and cannot mint or use preview/capability (694ms)
  ✓   46 tests/identity.spec.ts:26:1 › O: owner member UI protects last owner; viewer read only, editor generation, removal revokes proxy within 5s (3.9s)
  ✓   47 tests/identity.spec.ts:49:1 › P: live write requires another API owner approval and expires (10.3s)
  ✓   48 tests/identity.spec.ts:75:1 › Q: preview capability never selects live upstream (73ms)
  ✓   49 tests/identity.spec.ts:85:3 › R isolated serial mutation › R: short-token renewal preserves a pending build; disabled bob cannot refresh or use expired access (13.6s)
  ✓   50 tests/identity.spec.ts:147:1 › S: iframe globals/storage/messages/URLs contain no Keycloak token (1.2s)
  ✓   51 tests/isolation.spec.ts:13:1 › X: project origins isolate storage and cross-project frame access (4.6s)
  ✓   52 tests/isolation.spec.ts:39:1 › Y: response CSP survives document.open and blocks egress before the server receives it (1.7s)
  ✓   53 tests/isolation.spec.ts:76:1 › Z: project A preview session from project B origin returns PREVIEW_DIRECT_FORBIDDEN (17ms)
  ✓   54 tests/isolation.spec.ts:85:1 › AA: preview Host/path allowlist and studio embedding headers (24ms)
  ✓   55 tests/isolation.spec.ts:105:1 › AB: AST bypass sources are rejected without incrementing the source revision (27ms)
  ✓   56 tests/isolation.spec.ts:130:1 › AC: actual studio preview credentials never appear in frame globals, DOM, storage or messages (1.7s)
AD navigation receiver: {"requests":0,"credentialLeaks":0}
  ✓   57 tests/isolation.spec.ts:159:1 › AD: generated location navigation leaks zero credentials, removes the frame and restores the good revision (1.5s)
  ✓   58 tests/isolation.spec.ts:185:1 › AE: direct policy fetch is CSP-blocked while postMessage broker succeeds (1.2s)
  ✓   59 tests/isolation.spec.ts:193:1 › AF: replaced frame requests are ignored and its pending response is discarded (1.7s)
  ✓   60 tests/isolation.spec.ts:209:1 › AG: PATCH is 403 WRITE_NOT_ALLOWED until the user grants write capability (1.3s)
  ✓   61 tests/isolation.spec.ts:219:1 › AH: broker enforces concurrency, rolling request rate, and 5 MiB response limit (3.7s)
  ✓   62 tests/studio.spec.ts:10:1 › A: 생성, 역질문, 마스킹, 조회 사유와 감사 기록 (2.4s)
  ✓   63 tests/studio.spec.ts:11:1 › B: 문법 오류는 마지막 정상 화면 유지 (1.3s)
  ✓   64 tests/studio.spec.ts:12:1 › C: 이전 실행을 지연해도 최신 revision만 커밋 (3.9s)
  ✓   65 tests/studio.spec.ts:13:1 › D: viewer 자체 발급 차단, 읽기 전용 차단, 제한된 쓰기 허용 (2.3s)
  ✓   66 tests/studio.spec.ts:16:1 › E: 두 탭 CAS 충돌과 최신 내용 다시 불러오기 (2.8s)
  ✓   67 tests/studio.spec.ts:17:1 › F: 사내 useToast와 앱 React 인스턴스 공유 (1.6s)
  ✓   68 tests/studio.spec.ts:33:1 › G: 역질문 새로고침 복구, Last-Event-ID 이후 답변과 revision_ready (2.2s)
  ✓   69 tests/studio.spec.ts:50:1 › G: 복구한 질문 취소와 이미 끝난 생성·404 안내 (2.1s)
  ✓   70 tests/studio.spec.ts:69:1 › H: 쓰기 권한 만료 시 토글 off, 안내와 read capability 재반영 (5.7s)
  ✓   71 tests/studio.spec.ts:80:1 › I: 문법 오류 위치, 금지 패키지 이름과 runtime 원인 (1.6s)
  ✓   72 tests/studio.spec.ts:97:1 › J: CAS 최신 불러오기 전에 파일별 내 편집 보관, 복사와 새로고침 유지 (3.7s)
  ✓   73 tests/studio.spec.ts:117:1 › K: 존재하지 않는 패키지 버전의 실제 조합 실패와 동일 revision 재시도 (2.3s)
  ✓   74 tests/studio.spec.ts:135:1 › K: failed 응답·연결 실패·시간 초과 구분과 새로고침 없는 재빌드 (3.0s)
  ✓   75 tests/studio.spec.ts:185:34 › 레이아웃: 1600px 답변 버튼은 한 줄 (1.5s)
  ✓   76 tests/studio.spec.ts:185:34 › 레이아웃: 400px 답변 버튼은 한 줄 (1.7s)
  ✓   77 tests/studio.spec.ts:200:1 › L: 새 탭 활성 생성 전체 replay, 답변 동기화와 양쪽 취소 종결 (4.0s)
  ✓   78 tests/studio.spec.ts:238:1 › M: 실제 Yarn 레지스트리 503 안내 후 저장소 복구와 동일 revision 재시도 성공 (4.7s)
(node:70971) Warning: The 'NO_COLOR' env is ignored due to the 'FORCE_COLOR' env being set.
(Use `node --trace-warnings ...` to show where the warning was created)
(node:70971) Warning: The 'NO_COLOR' env is ignored due to the 'FORCE_COLOR' env being set.
(Use `node --trace-warnings ...` to show where the warning was created)
  ✓   79 tests/downloads.spec.ts:34:1 › T: Alice CSV/XLSX are AES-256 AE-2; signature, sub, single-use and 60-second expiry enforced (1.0m)
  ✓   80 tests/downloads.spec.ts:51:1 › U: viewer, nonmember and preview origin cannot create downloads (1.0s)
  ✓   81 tests/downloads.spec.ts:57:1 › V: MinIO bytes hide row values and password; successful delivery deletes ciphertext and wrapped key (141ms)
  ✓   82 tests/downloads.spec.ts:68:1 › W: audit verification is valid, seq remains continuous and audit contains no password, keys or signature (1.3s)
  ✓   83 tests/downloads.spec.ts:79:1 › download UI shows password once, saves using Bearer and clears it on close (1.2s)
  ✓   84 tests/identity.spec.ts:15:1 › N: carol nonmember receives 404 and cannot mint or use preview/capability (681ms)
  ✓   85 tests/identity.spec.ts:26:1 › O: owner member UI protects last owner; viewer read only, editor generation, removal revokes proxy within 5s (3.6s)
  ✓   86 tests/identity.spec.ts:49:1 › P: live write requires another API owner approval and expires (10.2s)
  ✓   87 tests/identity.spec.ts:75:1 › Q: preview capability never selects live upstream (75ms)
  ✓   88 tests/identity.spec.ts:85:3 › R isolated serial mutation › R: short-token renewal preserves a pending build; disabled bob cannot refresh or use expired access (12.9s)
  ✓   89 tests/identity.spec.ts:147:1 › S: iframe globals/storage/messages/URLs contain no Keycloak token (2.6s)
  ✓   90 tests/isolation.spec.ts:13:1 › X: project origins isolate storage and cross-project frame access (2.8s)
  ✓   91 tests/isolation.spec.ts:39:1 › Y: response CSP survives document.open and blocks egress before the server receives it (1.8s)
  ✓   92 tests/isolation.spec.ts:76:1 › Z: project A preview session from project B origin returns PREVIEW_DIRECT_FORBIDDEN (16ms)
  ✓   93 tests/isolation.spec.ts:85:1 › AA: preview Host/path allowlist and studio embedding headers (31ms)
  ✓   94 tests/isolation.spec.ts:105:1 › AB: AST bypass sources are rejected without incrementing the source revision (26ms)
  ✓   95 tests/isolation.spec.ts:130:1 › AC: actual studio preview credentials never appear in frame globals, DOM, storage or messages (1.4s)
AD navigation receiver: {"requests":0,"credentialLeaks":0}
  ✓   96 tests/isolation.spec.ts:159:1 › AD: generated location navigation leaks zero credentials, removes the frame and restores the good revision (1.9s)
  ✓   97 tests/isolation.spec.ts:185:1 › AE: direct policy fetch is CSP-blocked while postMessage broker succeeds (1.5s)
  ✓   98 tests/isolation.spec.ts:193:1 › AF: replaced frame requests are ignored and its pending response is discarded (2.0s)
  ✓   99 tests/isolation.spec.ts:209:1 › AG: PATCH is 403 WRITE_NOT_ALLOWED until the user grants write capability (1.7s)
  ✓  100 tests/isolation.spec.ts:219:1 › AH: broker enforces concurrency, rolling request rate, and 5 MiB response limit (3.7s)
  ✓  101 tests/studio.spec.ts:10:1 › A: 생성, 역질문, 마스킹, 조회 사유와 감사 기록 (2.1s)
  ✓  102 tests/studio.spec.ts:11:1 › B: 문법 오류는 마지막 정상 화면 유지 (1.3s)
  ✓  103 tests/studio.spec.ts:12:1 › C: 이전 실행을 지연해도 최신 revision만 커밋 (4.2s)
  ✓  104 tests/studio.spec.ts:13:1 › D: viewer 자체 발급 차단, 읽기 전용 차단, 제한된 쓰기 허용 (2.3s)
  ✓  105 tests/studio.spec.ts:16:1 › E: 두 탭 CAS 충돌과 최신 내용 다시 불러오기 (2.5s)
  ✓  106 tests/studio.spec.ts:17:1 › F: 사내 useToast와 앱 React 인스턴스 공유 (1.7s)
  ✓  107 tests/studio.spec.ts:33:1 › G: 역질문 새로고침 복구, Last-Event-ID 이후 답변과 revision_ready (1.9s)
  ✓  108 tests/studio.spec.ts:50:1 › G: 복구한 질문 취소와 이미 끝난 생성·404 안내 (2.4s)
  ✓  109 tests/studio.spec.ts:69:1 › H: 쓰기 권한 만료 시 토글 off, 안내와 read capability 재반영 (6.0s)
  ✓  110 tests/studio.spec.ts:80:1 › I: 문법 오류 위치, 금지 패키지 이름과 runtime 원인 (1.5s)
  ✓  111 tests/studio.spec.ts:97:1 › J: CAS 최신 불러오기 전에 파일별 내 편집 보관, 복사와 새로고침 유지 (3.6s)
  ✓  112 tests/studio.spec.ts:117:1 › K: 존재하지 않는 패키지 버전의 실제 조합 실패와 동일 revision 재시도 (2.9s)
  ✓  113 tests/studio.spec.ts:135:1 › K: failed 응답·연결 실패·시간 초과 구분과 새로고침 없는 재빌드 (2.7s)
  ✓  114 tests/studio.spec.ts:185:34 › 레이아웃: 1600px 답변 버튼은 한 줄 (1.5s)
  ✓  115 tests/studio.spec.ts:185:34 › 레이아웃: 400px 답변 버튼은 한 줄 (1.7s)
  ✓  116 tests/studio.spec.ts:200:1 › L: 새 탭 활성 생성 전체 replay, 답변 동기화와 양쪽 취소 종결 (3.8s)
  ✓  117 tests/studio.spec.ts:238:1 › M: 실제 Yarn 레지스트리 503 안내 후 저장소 복구와 동일 revision 재시도 성공 (5.2s)

  117 passed (8.1m)
