Stopped policy-proxy
Stopped studio
Stopped agent-server
Stopped deps-builder
Stopped mock-backend
 Container toi-qa4-verdaccio-1  Stopping
 Container toi-qa4-keycloak-1  Stopping
 Container toi-qa4-minio-1  Stopping
 Container toi-qa4-verdaccio-1  Stopped
 Container toi-qa4-verdaccio-1  Removing
 Container toi-qa4-verdaccio-1  Removed
 Container toi-qa4-verdaccio-init-1  Stopping
 Container toi-qa4-verdaccio-init-1  Stopped
 Container toi-qa4-verdaccio-init-1  Removing
 Container toi-qa4-verdaccio-init-1  Removed
 Container toi-qa4-minio-1  Stopped
 Container toi-qa4-minio-1  Removing
 Container toi-qa4-minio-1  Removed
 Container toi-qa4-keycloak-1  Stopped
 Container toi-qa4-keycloak-1  Removing
 Container toi-qa4-keycloak-1  Removed
 Network toi-qa4_default  Removing
 Network toi-qa4_default  Removed
Managed processes stopped; externally started services are left running.
