[0.001s] development configuration: starting
[0.010s] development configuration: ready (0.009s)
[0.010s] Docker Compose project: toi-qa4
[0.010s] Docker Compose: starting
[3.143s]  Container toi-qa4-minio-1  Running
[3.144s]  Container toi-qa4-verdaccio-init-1  Created
[3.144s]  Container toi-qa4-keycloak-1  Running
[3.145s]  Container toi-qa4-verdaccio-1  Running
[6.176s]  Container toi-qa4-verdaccio-init-1  Starting
[6.293s]  Container toi-qa4-verdaccio-init-1  Started
[6.293s]  Container toi-qa4-verdaccio-init-1  Waiting
[6.800s]  Container toi-qa4-verdaccio-init-1  Exited
[7.017s] Docker Compose: ready (7.006s)
[7.017s] Keycloak identity provisioning: starting
[7.364s] Keycloak identity provisioning: ready (0.347s)
[7.364s] registry and storage health: starting
[7.368s] registry and storage health: ready (0.004s)
[7.368s] packages/fake-tds install: starting
[7.368s] packages/preview-runtime install: starting
[7.369s] services/mock-backend install: starting
[7.369s] packages/fake-tds: dependencies already installed
[7.369s] packages/fake-tds install: ready (0.001s)
[7.370s] services/policy-proxy install: starting
[7.370s] packages/preview-runtime: dependencies already installed
[7.370s] packages/preview-runtime install: ready (0.002s)
[7.370s] services/deps-builder install: starting
[7.370s] services/mock-backend: dependencies already installed
[7.370s] services/mock-backend install: ready (0.002s)
[7.371s] services/agent-server install: starting
[7.371s] services/policy-proxy: dependencies already installed
[7.371s] services/policy-proxy install: ready (0.002s)
[7.371s] apps/studio install: starting
[7.371s] services/deps-builder: dependencies already installed
[7.372s] services/deps-builder install: ready (0.001s)
[7.372s] services/agent-server: dependencies already installed
[7.372s] services/agent-server install: ready (0.002s)
[7.372s] apps/studio: dependencies already installed
[7.373s] apps/studio install: ready (0.001s)
[7.373s] download and audit storage provisioning: starting
[17.207s] download and audit storage provisioning: ready (9.834s)
[17.208s] registry setup: starting
[17.382s] 
[17.383s] > @toi/deps-builder@1.0.0 setup-registry
[17.383s] > node scripts/setup-registry.mjs
[17.383s] 
[17.469s] Anonymous @toi/tds metadata blocked: HTTP 401
[17.586s] fake-tds build: starting
[18.363s] fake-tds build: ready (0.776s)
[18.480s] @toi/tds@1.0.0 already published
[18.593s] @toi/tds@1.1.0 already published
[18.594s] Verified both versions published; anonymous access remains HTTP 401
[18.609s] registry setup: ready (1.401s)
[18.610s] fetch client publish: starting
[18.736s] 
[18.737s] > @toi/policy-proxy@1.0.0 publish:client
[18.737s] > node scripts/publish-client.mjs
[18.737s] 
[19.681s] @toi/fetch@1.1.0 already published
[19.689s] fetch client publish: ready (1.079s)
[19.690s] mock-backend start: starting
[19.693s] mock-backend: existing healthy service
[19.693s] mock-backend start: ready (0.004s)
[19.694s] policy-proxy start: starting
[19.697s] policy-proxy: applying managed environment configuration
[20.712s] policy-proxy start: ready (1.018s)
[20.712s] deps-builder start: starting
[20.715s] deps-builder: existing healthy service
[20.715s] deps-builder start: ready (0.003s)
[20.715s] agent-server start: starting
[20.717s] agent-server: existing healthy service
[20.718s] agent-server start: ready (0.002s)
[20.718s] studio start: starting
[20.720s] studio: existing healthy service
[20.720s] studio start: ready (0.002s)
[20.720s] preview origin health: starting
[20.722s] preview origin health: ready (0.002s)
[20.723s] TOI-lite ready: http://localhost:5173 (logs: scripts/.run)
