[0.001s] development configuration: starting
[0.007s] development configuration: ready (0.007s)
[0.008s] Docker Compose project: toi-qa4
[0.008s] Docker Compose: starting
[3.134s]  Container toi-qa4-verdaccio-init-1  Created
[3.135s]  Container toi-qa4-minio-1  Running
[3.136s]  Container toi-qa4-keycloak-1  Running
[3.137s]  Container toi-qa4-verdaccio-1  Running
[6.165s]  Container toi-qa4-verdaccio-init-1  Starting
[6.301s]  Container toi-qa4-verdaccio-init-1  Started
[6.302s]  Container toi-qa4-verdaccio-init-1  Waiting
[6.804s]  Container toi-qa4-verdaccio-init-1  Exited
[7.020s] Docker Compose: ready (7.011s)
[7.020s] Keycloak identity provisioning: starting
[7.327s] Keycloak identity provisioning: ready (0.307s)
[7.328s] registry and storage health: starting
[7.331s] registry and storage health: ready (0.003s)
[7.331s] packages/fake-tds install: starting
[7.331s] packages/preview-runtime install: starting
[7.331s] services/mock-backend install: starting
[7.332s] packages/fake-tds: dependencies already installed
[7.332s] packages/fake-tds install: ready (0.001s)
[7.332s] services/policy-proxy install: starting
[7.333s] packages/preview-runtime: dependencies already installed
[7.333s] packages/preview-runtime install: ready (0.002s)
[7.333s] services/deps-builder install: starting
[7.333s] services/mock-backend: dependencies already installed
[7.334s] services/mock-backend install: ready (0.002s)
[7.334s] services/agent-server install: starting
[7.334s] services/policy-proxy: dependencies already installed
[7.334s] services/policy-proxy install: ready (0.002s)
[7.334s] apps/studio install: starting
[7.334s] services/deps-builder: dependencies already installed
[7.335s] services/deps-builder install: ready (0.001s)
[7.335s] services/agent-server: dependencies already installed
[7.335s] services/agent-server install: ready (0.002s)
[7.335s] apps/studio: dependencies already installed
[7.336s] apps/studio install: ready (0.001s)
[7.336s] download and audit storage provisioning: starting
[17.280s] download and audit storage provisioning: ready (9.944s)
[17.280s] registry setup: starting
[17.413s] 
[17.413s] > @toi/deps-builder@1.0.0 setup-registry
[17.413s] > node scripts/setup-registry.mjs
[17.414s] 
[17.497s] Anonymous @toi/tds metadata blocked: HTTP 401
[17.614s] fake-tds build: starting
[18.379s] fake-tds build: ready (0.765s)
[18.493s] @toi/tds@1.0.0 already published
[18.605s] @toi/tds@1.1.0 already published
[18.607s] Verified both versions published; anonymous access remains HTTP 401
[18.617s] registry setup: ready (1.337s)
[18.618s] fetch client publish: starting
[18.746s] 
[18.746s] > @toi/policy-proxy@1.0.0 publish:client
[18.746s] > node scripts/publish-client.mjs
[18.746s] 
[19.660s] @toi/fetch@1.1.0 already published
[19.666s] fetch client publish: ready (1.048s)
[19.667s] mock-backend start: starting
[19.669s] mock-backend: existing healthy service
[19.670s] mock-backend start: ready (0.003s)
[19.670s] policy-proxy start: starting
[19.672s] policy-proxy: applying managed environment configuration
[20.685s] policy-proxy start: ready (1.015s)
[20.685s] deps-builder start: starting
[20.688s] deps-builder: existing healthy service
[20.688s] deps-builder start: ready (0.003s)
[20.688s] agent-server start: starting
[20.690s] agent-server: existing healthy service
[20.690s] agent-server start: ready (0.002s)
[20.691s] studio start: starting
[20.692s] studio: existing healthy service
[20.692s] studio start: ready (0.002s)
[20.693s] preview origin health: starting
[20.694s] preview origin health: ready (0.002s)
[20.695s] TOI-lite ready: http://localhost:5173 (logs: scripts/.run)
